[INFO] Scanning for projects...
[INFO] 
[INFO] -----------------------< tn.federation:backend >------------------------
[INFO] Building ftn-backend 0.0.1-SNAPSHOT
[INFO]   from pom.xml
[INFO] --------------------------------[ jar ]---------------------------------
[INFO] 
[INFO] >>> spring-boot:3.3.4:run (default-cli) > test-compile @ backend >>>
[INFO] 
[INFO] --- resources:3.3.1:resources (default-resources) @ backend ---
[INFO] Copying 1 resource from src\main\resources to target\classes
[INFO] Copying 3 resources from src\main\resources to target\classes
[INFO] 
[INFO] --- compiler:3.13.0:compile (default-compile) @ backend ---
[INFO] Nothing to compile - all classes are up to date.
[INFO] 
[INFO] --- resources:3.3.1:testResources (default-testResources) @ backend ---
[INFO] skip non existing resourceDirectory C:\Users\besbe\OneDrive\Bureau\Mission Entreprise\FTN-Mission\ftn-backend\src\test\resources
[INFO] 
[INFO] --- compiler:3.13.0:testCompile (default-testCompile) @ backend ---
[INFO] No sources to compile
[INFO] 
[INFO] <<< spring-boot:3.3.4:run (default-cli) < test-compile @ backend <<<
[INFO] 
[INFO] 
[INFO] --- spring-boot:3.3.4:run (default-cli) @ backend ---
[INFO] Attaching agents: []

  .   ____          _            __ _ _
 /\\ / ___'_ __ _ _(_)_ __  __ _ \ \ \ \
( ( )\___ | '_ | '_| | '_ \/ _` | \ \ \ \
 \\/  ___)| |_)| | | | | || (_| |  ) ) ) )
  '  |____| .__|_| |_|_| |_\__, | / / / /
 =========|_|==============|___/=/_/_/_/

 :: Spring Boot ::                (v3.3.4)

2026-07-03T02:10:44.488+01:00  INFO 32876 --- [ftn-backend] [  restartedMain] t.f.backend.FtnBackendApplication        : Starting FtnBackendApplication using Java 21.0.6 with PID 32876 (C:\Users\besbe\OneDrive\Bureau\Mission Entreprise\FTN-Mission\ftn-backend\target\classes started by besbe in C:\Users\besbe\OneDrive\Bureau\Mission Entreprise\FTN-Mission\ftn-backend)
2026-07-03T02:10:44.490+01:00  INFO 32876 --- [ftn-backend] [  restartedMain] t.f.backend.FtnBackendApplication        : No active profile set, falling back to 1 default profile: "default"
2026-07-03T02:10:44.532+01:00  INFO 32876 --- [ftn-backend] [  restartedMain] .e.DevToolsPropertyDefaultsPostProcessor : Devtools property defaults active! Set 'spring.devtools.add-properties' to 'false' to disable
2026-07-03T02:10:44.533+01:00  INFO 32876 --- [ftn-backend] [  restartedMain] .e.DevToolsPropertyDefaultsPostProcessor : For additional web related logging consider setting the 'logging.level.web' property to 'DEBUG'
2026-07-03T02:10:45.330+01:00  INFO 32876 --- [ftn-backend] [  restartedMain] .s.d.r.c.RepositoryConfigurationDelegate : Bootstrapping Spring Data JPA repositories in DEFAULT mode.
2026-07-03T02:10:45.446+01:00  INFO 32876 --- [ftn-backend] [  restartedMain] .s.d.r.c.RepositoryConfigurationDelegate : Finished Spring Data repository scanning in 110 ms. Found 32 JPA repository interfaces.
2026-07-03T02:10:45.956+01:00  INFO 32876 --- [ftn-backend] [  restartedMain] o.s.b.w.embedded.tomcat.TomcatWebServer  : Tomcat initialized with port 8083 (http)
2026-07-03T02:10:45.966+01:00  INFO 32876 --- [ftn-backend] [  restartedMain] o.apache.catalina.core.StandardService   : Starting service [Tomcat]
2026-07-03T02:10:45.967+01:00  INFO 32876 --- [ftn-backend] [  restartedMain] o.apache.catalina.core.StandardEngine    : Starting Servlet engine: [Apache Tomcat/10.1.30]
2026-07-03T02:10:46.006+01:00  INFO 32876 --- [ftn-backend] [  restartedMain] o.a.c.c.C.[Tomcat].[localhost].[/ftn]    : Initializing Spring embedded WebApplicationContext
2026-07-03T02:10:46.007+01:00  INFO 32876 --- [ftn-backend] [  restartedMain] w.s.c.ServletWebServerApplicationContext : Root WebApplicationContext: initialization completed in 1473 ms
2026-07-03T02:10:46.106+01:00  INFO 32876 --- [ftn-backend] [  restartedMain] o.hibernate.jpa.internal.util.LogHelper  : HHH000204: Processing PersistenceUnitInfo [name: default]
2026-07-03T02:10:46.142+01:00  INFO 32876 --- [ftn-backend] [  restartedMain] org.hibernate.Version                    : HHH000412: Hibernate ORM core version 6.5.3.Final
2026-07-03T02:10:46.164+01:00  INFO 32876 --- [ftn-backend] [  restartedMain] o.h.c.internal.RegionFactoryInitiator    : HHH000026: Second-level cache disabled
2026-07-03T02:10:46.365+01:00  INFO 32876 --- [ftn-backend] [  restartedMain] o.s.o.j.p.SpringPersistenceUnitInfo      : No LoadTimeWeaver setup: ignoring JPA class transformer
2026-07-03T02:10:46.375+01:00  WARN 32876 --- [ftn-backend] [  restartedMain] org.hibernate.orm.deprecation            : HHH90000021: Encountered deprecated setting [hibernate.temp.use_jdbc_metadata_defaults], use [hibernate.boot.allow_jdbc_metadata_access] instead
2026-07-03T02:10:46.386+01:00  WARN 32876 --- [ftn-backend] [  restartedMain] org.hibernate.orm.deprecation            : HHH90000025: MySQLDialect does not need to be specified explicitly using 'hibernate.dialect' (remove the property setting and it will be selected by default)
2026-07-03T02:10:48.024+01:00  INFO 32876 --- [ftn-backend] [  restartedMain] o.h.e.t.j.p.i.JtaPlatformInitiator       : HHH000489: No JTA platform available (set 'hibernate.transaction.jta.platform' to enable JTA platform integration)
2026-07-03T02:10:48.052+01:00  INFO 32876 --- [ftn-backend] [  restartedMain] com.zaxxer.hikari.HikariDataSource       : HikariPool-1 - Starting...
2026-07-03T02:10:48.220+01:00  INFO 32876 --- [ftn-backend] [  restartedMain] com.zaxxer.hikari.pool.HikariPool        : HikariPool-1 - Added connection com.mysql.cj.jdbc.ConnectionImpl@b0809d8
2026-07-03T02:10:48.223+01:00  INFO 32876 --- [ftn-backend] [  restartedMain] com.zaxxer.hikari.HikariDataSource       : HikariPool-1 - Start completed.
Hibernate: alter table account_token modify column purpose enum ('ACCOUNT_SETUP','PASSWORD_RESET') not null
Hibernate: alter table club_join_request modify column message TEXT
Hibernate: alter table club_join_request modify column motivation_letter TEXT
Hibernate: alter table club_join_request modify column rejection_reason TEXT
Hibernate: alter table club_join_request modify column status enum ('APPROVED','CANCELLED','PENDING','REJECTED') not null
Hibernate: alter table competition modify column custom_conditions TEXT
Hibernate: alter table competition modify column region VARCHAR(50)
Hibernate: alter table formation_program modify column practical_description TEXT
Hibernate: alter table formation_program modify column registration_conditions TEXT
Hibernate: alter table formation_program modify column result_announcement_note TEXT
Hibernate: alter table formation_registration modify column status enum ('APPROVED','PENDING','REJECTED','WAITING_LIST') not null
Hibernate: alter table formation_schedule_item modify column content TEXT
Hibernate: alter table media_comment modify column text TEXT
Hibernate: alter table participation_audit modify column decision enum ('APPROVED','PENDING','REJECTED') not null
Hibernate: alter table partnership_request modify column decision_notes TEXT
Hibernate: alter table partnership_request modify column message TEXT
Hibernate: alter table press_comment modify column text TEXT
Hibernate: alter table press_item modify column content TEXT
Hibernate: alter table press_item modify column documents TEXT
Hibernate: alter table press_item modify column gallery TEXT
Hibernate: alter table press_item modify column status enum ('ARCHIVED','DELETED','DRAFT','PUBLISHED','SCHEDULED','SUBMITTED')
Hibernate: alter table press_item modify column summary TEXT
Hibernate: alter table sponsorship_request modify column decision_notes TEXT
Hibernate: alter table sponsorship_request modify column details TEXT
Hibernate: alter table sponsorship_request modify column message TEXT
Hibernate: alter table training_session modify column notes TEXT
2026-07-03T02:10:48.701+01:00  INFO 32876 --- [ftn-backend] [  restartedMain] j.LocalContainerEntityManagerFactoryBean : Initialized JPA EntityManagerFactory for persistence unit 'default'
2026-07-03T02:10:49.152+01:00  INFO 32876 --- [ftn-backend] [  restartedMain] o.s.d.j.r.query.QueryEnhancerFactory     : Hibernate is in classpath; If applicable, HQL parser will be used.
2026-07-03T02:10:50.486+01:00  INFO 32876 --- [ftn-backend] [  restartedMain] eAuthenticationProviderManagerConfigurer : Global AuthenticationManager configured with AuthenticationProvider bean with name authenticationProvider
2026-07-03T02:10:50.486+01:00  WARN 32876 --- [ftn-backend] [  restartedMain] r$InitializeUserDetailsManagerConfigurer : Global AuthenticationManager configured with an AuthenticationProvider bean. UserDetailsService beans will not be used for username/password login. Consider removing the AuthenticationProvider bean. Alternatively, consider using the UserDetailsService in a manually instantiated DaoAuthenticationProvider.
2026-07-03T02:10:52.300+01:00  INFO 32876 --- [ftn-backend] [  restartedMain] o.s.b.d.a.OptionalLiveReloadServer       : LiveReload server is running on port 35729
2026-07-03T02:10:52.353+01:00  INFO 32876 --- [ftn-backend] [  restartedMain] o.s.b.w.embedded.tomcat.TomcatWebServer  : Tomcat started on port 8083 (http) with context path '/ftn'
2026-07-03T02:10:52.368+01:00  INFO 32876 --- [ftn-backend] [  restartedMain] t.f.backend.FtnBackendApplication        : Started FtnBackendApplication in 8.133 seconds (process running for 8.503)
DEBUG: Vérification des articles programmés...
Hibernate: select u1_0.id,u1_0.active,u1_0.anciennete,u1_0.birth_date,u1_0.club_id,u1_0.created_at,u1_0.discipline,u1_0.email,u1_0.first_name,u1_0.gender,u1_0.last_name,u1_0.must_change_password,u1_0.niveau,u1_0.password_hash,u1_0.registration_status,u1_0.role from user u1_0 where u1_0.email=?
Hibernate: select pi1_0.id_press_item,pi1_0.author,pi1_0.content,pi1_0.created_at,pi1_0.discipline,pi1_0.documents,pi1_0.downloads_count,pi1_0.gallery,pi1_0.importance,pi1_0.link_url,pi1_0.media_url,pi1_0.published_at,pi1_0.read_time,pi1_0.scheduled_at,pi1_0.status,pi1_0.summary,pi1_0.title,pi1_0.type,pi1_0.views from press_item pi1_0 where pi1_0.status=? and pi1_0.scheduled_at<?
Hibernate: select u1_0.id,u1_0.active,u1_0.anciennete,u1_0.birth_date,c1_0.id,c1_0.active,c1_0.address,c1_0.affiliation_date,c1_0.available_spots,c2_0.id,c2_0.active,c2_0.anciennete,c2_0.birth_date,c2_0.club_id,c2_0.created_at,c2_0.discipline,c2_0.email,c2_0.first_name,c2_0.gender,c2_0.last_name,c2_0.must_change_password,c2_0.niveau,c2_0.password_hash,c2_0.registration_status,c2_0.role,c1_0.contact,c1_0.discipline,c1_0.latitude,c1_0.longitude,c1_0.manager,c1_0.max_age,c1_0.max_capacity,c1_0.medical_certificate_required,c1_0.min_age,c1_0.name,c1_0.region,c1_0.required_discipline,c1_0.required_level,u1_0.created_at,u1_0.discipline,u1_0.email,u1_0.first_name,u1_0.gender,u1_0.last_name,u1_0.must_change_password,u1_0.niveau,u1_0.password_hash,u1_0.registration_status,u1_0.role from user u1_0 left join club c1_0 on c1_0.id=u1_0.club_id left join user c2_0 on c2_0.id=c1_0.coach_id where u1_0.id=?
? Compte ADMIN prêt (admin@ftn.tn / admin123)
Hibernate: select u1_0.id,u1_0.active,u1_0.anciennete,u1_0.birth_date,u1_0.club_id,u1_0.created_at,u1_0.discipline,u1_0.email,u1_0.first_name,u1_0.gender,u1_0.last_name,u1_0.must_change_password,u1_0.niveau,u1_0.password_hash,u1_0.registration_status,u1_0.role from user u1_0 where u1_0.email=?
Hibernate: select u1_0.id,u1_0.active,u1_0.anciennete,u1_0.birth_date,c1_0.id,c1_0.active,c1_0.address,c1_0.affiliation_date,c1_0.available_spots,c2_0.id,c2_0.active,c2_0.anciennete,c2_0.birth_date,c2_0.club_id,c2_0.created_at,c2_0.discipline,c2_0.email,c2_0.first_name,c2_0.gender,c2_0.last_name,c2_0.must_change_password,c2_0.niveau,c2_0.password_hash,c2_0.registration_status,c2_0.role,c1_0.contact,c1_0.discipline,c1_0.latitude,c1_0.longitude,c1_0.manager,c1_0.max_age,c1_0.max_capacity,c1_0.medical_certificate_required,c1_0.min_age,c1_0.name,c1_0.region,c1_0.required_discipline,c1_0.required_level,u1_0.created_at,u1_0.discipline,u1_0.email,u1_0.first_name,u1_0.gender,u1_0.last_name,u1_0.must_change_password,u1_0.niveau,u1_0.password_hash,u1_0.registration_status,u1_0.role from user u1_0 left join club c1_0 on c1_0.id=u1_0.club_id left join user c2_0 on c2_0.id=c1_0.coach_id where u1_0.id=?
Hibernate: update user set active=?,anciennete=?,birth_date=?,club_id=?,created_at=?,discipline=?,email=?,first_name=?,gender=?,last_name=?,must_change_password=?,niveau=?,password_hash=?,registration_status=?,role=? where id=?
? Compte SWIMMER prêt (nageur@ftn.tn / nageur123)
Hibernate: select u1_0.id,u1_0.active,u1_0.anciennete,u1_0.birth_date,u1_0.club_id,u1_0.created_at,u1_0.discipline,u1_0.email,u1_0.first_name,u1_0.gender,u1_0.last_name,u1_0.must_change_password,u1_0.niveau,u1_0.password_hash,u1_0.registration_status,u1_0.role from user u1_0 where u1_0.email=?
Hibernate: select u1_0.id,u1_0.active,u1_0.anciennete,u1_0.birth_date,c1_0.id,c1_0.active,c1_0.address,c1_0.affiliation_date,c1_0.available_spots,c2_0.id,c2_0.active,c2_0.anciennete,c2_0.birth_date,c2_0.club_id,c2_0.created_at,c2_0.discipline,c2_0.email,c2_0.first_name,c2_0.gender,c2_0.last_name,c2_0.must_change_password,c2_0.niveau,c2_0.password_hash,c2_0.registration_status,c2_0.role,c1_0.contact,c1_0.discipline,c1_0.latitude,c1_0.longitude,c1_0.manager,c1_0.max_age,c1_0.max_capacity,c1_0.medical_certificate_required,c1_0.min_age,c1_0.name,c1_0.region,c1_0.required_discipline,c1_0.required_level,u1_0.created_at,u1_0.discipline,u1_0.email,u1_0.first_name,u1_0.gender,u1_0.last_name,u1_0.must_change_password,u1_0.niveau,u1_0.password_hash,u1_0.registration_status,u1_0.role from user u1_0 left join club c1_0 on c1_0.id=u1_0.club_id left join user c2_0 on c2_0.id=c1_0.coach_id where u1_0.id=?
Hibernate: update user set active=?,anciennete=?,birth_date=?,club_id=?,created_at=?,discipline=?,email=?,first_name=?,gender=?,last_name=?,must_change_password=?,niveau=?,password_hash=?,registration_status=?,role=? where id=?
? Nouveau Compte SWIMMER prêt (nouveau.nageur@ftn.tn / azerty123)
Hibernate: select u1_0.id,u1_0.active,u1_0.anciennete,u1_0.birth_date,u1_0.club_id,u1_0.created_at,u1_0.discipline,u1_0.email,u1_0.first_name,u1_0.gender,u1_0.last_name,u1_0.must_change_password,u1_0.niveau,u1_0.password_hash,u1_0.registration_status,u1_0.role from user u1_0 where u1_0.role=?
Hibernate: select c1_0.id,c1_0.active,c1_0.address,c1_0.affiliation_date,c1_0.available_spots,c2_0.id,c2_0.active,c2_0.anciennete,c2_0.birth_date,c3_0.id,c3_0.active,c3_0.address,c3_0.affiliation_date,c3_0.available_spots,c3_0.coach_id,c3_0.contact,c3_0.discipline,c3_0.latitude,c3_0.longitude,c3_0.manager,c3_0.max_age,c3_0.max_capacity,c3_0.medical_certificate_required,c3_0.min_age,c3_0.name,c3_0.region,c3_0.required_discipline,c3_0.required_level,c2_0.created_at,c2_0.discipline,c2_0.email,c2_0.first_name,c2_0.gender,c2_0.last_name,c2_0.must_change_password,c2_0.niveau,c2_0.password_hash,c2_0.registration_status,c2_0.role,c1_0.contact,c1_0.discipline,c1_0.latitude,c1_0.longitude,c1_0.manager,c1_0.max_age,c1_0.max_capacity,c1_0.medical_certificate_required,c1_0.min_age,c1_0.name,c1_0.region,c1_0.required_discipline,c1_0.required_level from club c1_0 left join user c2_0 on c2_0.id=c1_0.coach_id left join club c3_0 on c3_0.id=c2_0.club_id where c1_0.id=?
Hibernate: select c1_0.id,c1_0.active,c1_0.address,c1_0.affiliation_date,c1_0.available_spots,c2_0.id,c2_0.active,c2_0.anciennete,c2_0.birth_date,c3_0.id,c3_0.active,c3_0.address,c3_0.affiliation_date,c3_0.available_spots,c3_0.coach_id,c3_0.contact,c3_0.discipline,c3_0.latitude,c3_0.longitude,c3_0.manager,c3_0.max_age,c3_0.max_capacity,c3_0.medical_certificate_required,c3_0.min_age,c3_0.name,c3_0.region,c3_0.required_discipline,c3_0.required_level,c2_0.created_at,c2_0.discipline,c2_0.email,c2_0.first_name,c2_0.gender,c2_0.last_name,c2_0.must_change_password,c2_0.niveau,c2_0.password_hash,c2_0.registration_status,c2_0.role,c1_0.contact,c1_0.discipline,c1_0.latitude,c1_0.longitude,c1_0.manager,c1_0.max_age,c1_0.max_capacity,c1_0.medical_certificate_required,c1_0.min_age,c1_0.name,c1_0.region,c1_0.required_discipline,c1_0.required_level from club c1_0 left join user c2_0 on c2_0.id=c1_0.coach_id left join club c3_0 on c3_0.id=c2_0.club_id where c1_0.id=?
Hibernate: select c1_0.id,c1_0.active,c1_0.address,c1_0.affiliation_date,c1_0.available_spots,c2_0.id,c2_0.active,c2_0.anciennete,c2_0.birth_date,c3_0.id,c3_0.active,c3_0.address,c3_0.affiliation_date,c3_0.available_spots,c3_0.coach_id,c3_0.contact,c3_0.discipline,c3_0.latitude,c3_0.longitude,c3_0.manager,c3_0.max_age,c3_0.max_capacity,c3_0.medical_certificate_required,c3_0.min_age,c3_0.name,c3_0.region,c3_0.required_discipline,c3_0.required_level,c2_0.created_at,c2_0.discipline,c2_0.email,c2_0.first_name,c2_0.gender,c2_0.last_name,c2_0.must_change_password,c2_0.niveau,c2_0.password_hash,c2_0.registration_status,c2_0.role,c1_0.contact,c1_0.discipline,c1_0.latitude,c1_0.longitude,c1_0.manager,c1_0.max_age,c1_0.max_capacity,c1_0.medical_certificate_required,c1_0.min_age,c1_0.name,c1_0.region,c1_0.required_discipline,c1_0.required_level from club c1_0 left join user c2_0 on c2_0.id=c1_0.coach_id left join club c3_0 on c3_0.id=c2_0.club_id where c1_0.id=?
Hibernate: select c1_0.id,c1_0.active,c1_0.address,c1_0.affiliation_date,c1_0.available_spots,c2_0.id,c2_0.active,c2_0.anciennete,c2_0.birth_date,c3_0.id,c3_0.active,c3_0.address,c3_0.affiliation_date,c3_0.available_spots,c3_0.coach_id,c3_0.contact,c3_0.discipline,c3_0.latitude,c3_0.longitude,c3_0.manager,c3_0.max_age,c3_0.max_capacity,c3_0.medical_certificate_required,c3_0.min_age,c3_0.name,c3_0.region,c3_0.required_discipline,c3_0.required_level,c2_0.created_at,c2_0.discipline,c2_0.email,c2_0.first_name,c2_0.gender,c2_0.last_name,c2_0.must_change_password,c2_0.niveau,c2_0.password_hash,c2_0.registration_status,c2_0.role,c1_0.contact,c1_0.discipline,c1_0.latitude,c1_0.longitude,c1_0.manager,c1_0.max_age,c1_0.max_capacity,c1_0.medical_certificate_required,c1_0.min_age,c1_0.name,c1_0.region,c1_0.required_discipline,c1_0.required_level from club c1_0 left join user c2_0 on c2_0.id=c1_0.coach_id left join club c3_0 on c3_0.id=c2_0.club_id where c1_0.id=?
Hibernate: select count(p1_0.id) from performance p1_0 where p1_0.swimmer_id=?
Hibernate: select count(p1_0.id) from performance p1_0 where p1_0.swimmer_id=?
Hibernate: select count(p1_0.id) from performance p1_0 where p1_0.swimmer_id=?
Hibernate: select count(p1_0.id) from performance p1_0 where p1_0.swimmer_id=?
Hibernate: select count(p1_0.id) from performance p1_0 where p1_0.swimmer_id=?
Hibernate: select count(p1_0.id) from performance p1_0 where p1_0.swimmer_id=?
Hibernate: select count(p1_0.id) from performance p1_0 where p1_0.swimmer_id=?
Hibernate: select count(p1_0.id) from performance p1_0 where p1_0.swimmer_id=?
Hibernate: select count(p1_0.id) from performance p1_0 where p1_0.swimmer_id=?
Hibernate: select count(p1_0.id) from performance p1_0 where p1_0.swimmer_id=?
Hibernate: select count(p1_0.id) from performance p1_0 where p1_0.swimmer_id=?
Hibernate: select count(p1_0.id) from performance p1_0 where p1_0.swimmer_id=?
Hibernate: select count(p1_0.id) from performance p1_0 where p1_0.swimmer_id=?
Hibernate: select count(p1_0.id) from performance p1_0 where p1_0.swimmer_id=?
Hibernate: select count(*) from club c1_0
Hibernate: select count(*) from press_item pi1_0
DEBUG: Vérification des articles programmés...
Hibernate: select pi1_0.id_press_item,pi1_0.author,pi1_0.content,pi1_0.created_at,pi1_0.discipline,pi1_0.documents,pi1_0.downloads_count,pi1_0.gallery,pi1_0.importance,pi1_0.link_url,pi1_0.media_url,pi1_0.published_at,pi1_0.read_time,pi1_0.scheduled_at,pi1_0.status,pi1_0.summary,pi1_0.title,pi1_0.type,pi1_0.views from press_item pi1_0 where pi1_0.status=? and pi1_0.scheduled_at<?
2026-07-03T02:12:11.166+01:00  INFO 32876 --- [ftn-backend] [nio-8083-exec-1] o.a.c.c.C.[Tomcat].[localhost].[/ftn]    : Initializing Spring DispatcherServlet 'dispatcherServlet'
2026-07-03T02:12:11.166+01:00  INFO 32876 --- [ftn-backend] [nio-8083-exec-1] o.s.web.servlet.DispatcherServlet        : Initializing Servlet 'dispatcherServlet'
2026-07-03T02:12:11.168+01:00  INFO 32876 --- [ftn-backend] [nio-8083-exec-1] o.s.web.servlet.DispatcherServlet        : Completed initialization in 2 ms
Hibernate: select u1_0.id,u1_0.active,u1_0.anciennete,u1_0.birth_date,u1_0.club_id,u1_0.created_at,u1_0.discipline,u1_0.email,u1_0.first_name,u1_0.gender,u1_0.last_name,u1_0.must_change_password,u1_0.niveau,u1_0.password_hash,u1_0.registration_status,u1_0.role from user u1_0 where u1_0.email=?
Hibernate: select u1_0.id,u1_0.active,u1_0.anciennete,u1_0.birth_date,u1_0.club_id,u1_0.created_at,u1_0.discipline,u1_0.email,u1_0.first_name,u1_0.gender,u1_0.last_name,u1_0.must_change_password,u1_0.niveau,u1_0.password_hash,u1_0.registration_status,u1_0.role from user u1_0 where u1_0.email=?
Hibernate: select u1_0.id,u1_0.active,u1_0.anciennete,u1_0.birth_date,u1_0.club_id,u1_0.created_at,u1_0.discipline,u1_0.email,u1_0.first_name,u1_0.gender,u1_0.last_name,u1_0.must_change_password,u1_0.niveau,u1_0.password_hash,u1_0.registration_status,u1_0.role from user u1_0 where u1_0.email=?
Hibernate: select u1_0.id,u1_0.active,u1_0.anciennete,u1_0.birth_date,u1_0.club_id,u1_0.created_at,u1_0.discipline,u1_0.email,u1_0.first_name,u1_0.gender,u1_0.last_name,u1_0.must_change_password,u1_0.niveau,u1_0.password_hash,u1_0.registration_status,u1_0.role from user u1_0 where u1_0.email=?
Hibernate: select u1_0.id,u1_0.active,u1_0.anciennete,u1_0.birth_date,c1_0.id,c1_0.active,c1_0.address,c1_0.affiliation_date,c1_0.available_spots,c2_0.id,c2_0.active,c2_0.anciennete,c2_0.birth_date,c2_0.club_id,c2_0.created_at,c2_0.discipline,c2_0.email,c2_0.first_name,c2_0.gender,c2_0.last_name,c2_0.must_change_password,c2_0.niveau,c2_0.password_hash,c2_0.registration_status,c2_0.role,c1_0.contact,c1_0.discipline,c1_0.latitude,c1_0.longitude,c1_0.manager,c1_0.max_age,c1_0.max_capacity,c1_0.medical_certificate_required,c1_0.min_age,c1_0.name,c1_0.region,c1_0.required_discipline,c1_0.required_level,u1_0.created_at,u1_0.discipline,u1_0.email,u1_0.first_name,u1_0.gender,u1_0.last_name,u1_0.must_change_password,u1_0.niveau,u1_0.password_hash,u1_0.registration_status,u1_0.role from user u1_0 left join club c1_0 on c1_0.id=u1_0.club_id left join user c2_0 on c2_0.id=c1_0.coach_id where u1_0.id=?
Hibernate: select c1_0.id,c1_0.active,c1_0.address,c1_0.affiliation_date,c1_0.available_spots,c2_0.id,c2_0.active,c2_0.anciennete,c2_0.birth_date,c3_0.id,c3_0.active,c3_0.address,c3_0.affiliation_date,c3_0.available_spots,c3_0.coach_id,c3_0.contact,c3_0.discipline,c3_0.latitude,c3_0.longitude,c3_0.manager,c3_0.max_age,c3_0.max_capacity,c3_0.medical_certificate_required,c3_0.min_age,c3_0.name,c3_0.region,c3_0.required_discipline,c3_0.required_level,c2_0.created_at,c2_0.discipline,c2_0.email,c2_0.first_name,c2_0.gender,c2_0.last_name,c2_0.must_change_password,c2_0.niveau,c2_0.password_hash,c2_0.registration_status,c2_0.role,c1_0.contact,c1_0.discipline,c1_0.latitude,c1_0.longitude,c1_0.manager,c1_0.max_age,c1_0.max_capacity,c1_0.medical_certificate_required,c1_0.min_age,c1_0.name,c1_0.region,c1_0.required_discipline,c1_0.required_level from club c1_0 left join user c2_0 on c2_0.id=c1_0.coach_id left join club c3_0 on c3_0.id=c2_0.club_id where c1_0.id=?
Hibernate: select cjr1_0.id from club_join_request cjr1_0 where cjr1_0.swimmer_id=? and cjr1_0.status=? limit ?
Hibernate: select count(u1_0.id) from user u1_0 where u1_0.club_id=?
Hibernate: insert into club_join_request (availability,club_id,current_level,message,motivation_letter,previous_club,rejection_reason,requested_at,reviewed_at,status,swimmer_id) values (?,?,?,?,?,?,?,?,?,?,?)
DEBUG: Vérification des articles programmés...
Hibernate: select pi1_0.id_press_item,pi1_0.author,pi1_0.content,pi1_0.created_at,pi1_0.discipline,pi1_0.documents,pi1_0.downloads_count,pi1_0.gallery,pi1_0.importance,pi1_0.link_url,pi1_0.media_url,pi1_0.published_at,pi1_0.read_time,pi1_0.scheduled_at,pi1_0.status,pi1_0.summary,pi1_0.title,pi1_0.type,pi1_0.views from press_item pi1_0 where pi1_0.status=? and pi1_0.scheduled_at<?
DEBUG: Vérification des articles programmés...
Hibernate: select pi1_0.id_press_item,pi1_0.author,pi1_0.content,pi1_0.created_at,pi1_0.discipline,pi1_0.documents,pi1_0.downloads_count,pi1_0.gallery,pi1_0.importance,pi1_0.link_url,pi1_0.media_url,pi1_0.published_at,pi1_0.read_time,pi1_0.scheduled_at,pi1_0.status,pi1_0.summary,pi1_0.title,pi1_0.type,pi1_0.views from press_item pi1_0 where pi1_0.status=? and pi1_0.scheduled_at<?
DEBUG: Vérification des articles programmés...
Hibernate: select pi1_0.id_press_item,pi1_0.author,pi1_0.content,pi1_0.created_at,pi1_0.discipline,pi1_0.documents,pi1_0.downloads_count,pi1_0.gallery,pi1_0.importance,pi1_0.link_url,pi1_0.media_url,pi1_0.published_at,pi1_0.read_time,pi1_0.scheduled_at,pi1_0.status,pi1_0.summary,pi1_0.title,pi1_0.type,pi1_0.views from press_item pi1_0 where pi1_0.status=? and pi1_0.scheduled_at<?
DEBUG: Vérification des articles programmés...
Hibernate: select pi1_0.id_press_item,pi1_0.author,pi1_0.content,pi1_0.created_at,pi1_0.discipline,pi1_0.documents,pi1_0.downloads_count,pi1_0.gallery,pi1_0.importance,pi1_0.link_url,pi1_0.media_url,pi1_0.published_at,pi1_0.read_time,pi1_0.scheduled_at,pi1_0.status,pi1_0.summary,pi1_0.title,pi1_0.type,pi1_0.views from press_item pi1_0 where pi1_0.status=? and pi1_0.scheduled_at<?
DEBUG: Vérification des articles programmés...
Hibernate: select pi1_0.id_press_item,pi1_0.author,pi1_0.content,pi1_0.created_at,pi1_0.discipline,pi1_0.documents,pi1_0.downloads_count,pi1_0.gallery,pi1_0.importance,pi1_0.link_url,pi1_0.media_url,pi1_0.published_at,pi1_0.read_time,pi1_0.scheduled_at,pi1_0.status,pi1_0.summary,pi1_0.title,pi1_0.type,pi1_0.views from press_item pi1_0 where pi1_0.status=? and pi1_0.scheduled_at<?
Hibernate: select u1_0.id,u1_0.active,u1_0.anciennete,u1_0.birth_date,u1_0.club_id,u1_0.created_at,u1_0.discipline,u1_0.email,u1_0.first_name,u1_0.gender,u1_0.last_name,u1_0.must_change_password,u1_0.niveau,u1_0.password_hash,u1_0.registration_status,u1_0.role from user u1_0 where u1_0.email=?
Hibernate: select u1_0.id,u1_0.active,u1_0.anciennete,u1_0.birth_date,u1_0.club_id,u1_0.created_at,u1_0.discipline,u1_0.email,u1_0.first_name,u1_0.gender,u1_0.last_name,u1_0.must_change_password,u1_0.niveau,u1_0.password_hash,u1_0.registration_status,u1_0.role from user u1_0 where u1_0.email=?
Hibernate: select u1_0.id,u1_0.active,u1_0.anciennete,u1_0.birth_date,u1_0.club_id,u1_0.created_at,u1_0.discipline,u1_0.email,u1_0.first_name,u1_0.gender,u1_0.last_name,u1_0.must_change_password,u1_0.niveau,u1_0.password_hash,u1_0.registration_status,u1_0.role from user u1_0 where u1_0.email=?
Hibernate: select u1_0.id,u1_0.active,u1_0.anciennete,u1_0.birth_date,u1_0.club_id,u1_0.created_at,u1_0.discipline,u1_0.email,u1_0.first_name,u1_0.gender,u1_0.last_name,u1_0.must_change_password,u1_0.niveau,u1_0.password_hash,u1_0.registration_status,u1_0.role from user u1_0 where u1_0.email=?
Hibernate: select u1_0.id,u1_0.active,u1_0.anciennete,u1_0.birth_date,u1_0.club_id,u1_0.created_at,u1_0.discipline,u1_0.email,u1_0.first_name,u1_0.gender,u1_0.last_name,u1_0.must_change_password,u1_0.niveau,u1_0.password_hash,u1_0.registration_status,u1_0.role from user u1_0 where u1_0.email=?
Hibernate: select u1_0.id,u1_0.active,u1_0.anciennete,u1_0.birth_date,u1_0.club_id,u1_0.created_at,u1_0.discipline,u1_0.email,u1_0.first_name,u1_0.gender,u1_0.last_name,u1_0.must_change_password,u1_0.niveau,u1_0.password_hash,u1_0.registration_status,u1_0.role from user u1_0 where u1_0.email=?
Hibernate: select c1_0.id,c1_0.active,c1_0.address,c1_0.affiliation_date,c1_0.available_spots,c1_0.coach_id,c1_0.contact,c1_0.discipline,c1_0.latitude,c1_0.longitude,c1_0.manager,c1_0.max_age,c1_0.max_capacity,c1_0.medical_certificate_required,c1_0.min_age,c1_0.name,c1_0.region,c1_0.required_discipline,c1_0.required_level from club c1_0
Hibernate: select u1_0.id,u1_0.active,u1_0.anciennete,u1_0.birth_date,c1_0.id,c1_0.active,c1_0.address,c1_0.affiliation_date,c1_0.available_spots,c2_0.id,c2_0.active,c2_0.anciennete,c2_0.birth_date,c2_0.club_id,c2_0.created_at,c2_0.discipline,c2_0.email,c2_0.first_name,c2_0.gender,c2_0.last_name,c2_0.must_change_password,c2_0.niveau,c2_0.password_hash,c2_0.registration_status,c2_0.role,c1_0.contact,c1_0.discipline,c1_0.latitude,c1_0.longitude,c1_0.manager,c1_0.max_age,c1_0.max_capacity,c1_0.medical_certificate_required,c1_0.min_age,c1_0.name,c1_0.region,c1_0.required_discipline,c1_0.required_level,u1_0.created_at,u1_0.discipline,u1_0.email,u1_0.first_name,u1_0.gender,u1_0.last_name,u1_0.must_change_password,u1_0.niveau,u1_0.password_hash,u1_0.registration_status,u1_0.role from user u1_0 left join club c1_0 on c1_0.id=u1_0.club_id left join user c2_0 on c2_0.id=c1_0.coach_id where u1_0.id=?
Hibernate: select u1_0.id,u1_0.active,u1_0.anciennete,u1_0.birth_date,c1_0.id,c1_0.active,c1_0.address,c1_0.affiliation_date,c1_0.available_spots,c2_0.id,c2_0.active,c2_0.anciennete,c2_0.birth_date,c2_0.club_id,c2_0.created_at,c2_0.discipline,c2_0.email,c2_0.first_name,c2_0.gender,c2_0.last_name,c2_0.must_change_password,c2_0.niveau,c2_0.password_hash,c2_0.registration_status,c2_0.role,c1_0.contact,c1_0.discipline,c1_0.latitude,c1_0.longitude,c1_0.manager,c1_0.max_age,c1_0.max_capacity,c1_0.medical_certificate_required,c1_0.min_age,c1_0.name,c1_0.region,c1_0.required_discipline,c1_0.required_level,u1_0.created_at,u1_0.discipline,u1_0.email,u1_0.first_name,u1_0.gender,u1_0.last_name,u1_0.must_change_password,u1_0.niveau,u1_0.password_hash,u1_0.registration_status,u1_0.role from user u1_0 left join club c1_0 on c1_0.id=u1_0.club_id left join user c2_0 on c2_0.id=c1_0.coach_id where u1_0.id=?
Hibernate: select c1_0.id,c1_0.active,c1_0.address,c1_0.affiliation_date,c1_0.available_spots,c1_0.coach_id,c1_0.contact,c1_0.discipline,c1_0.latitude,c1_0.longitude,c1_0.manager,c1_0.max_age,c1_0.max_capacity,c1_0.medical_certificate_required,c1_0.min_age,c1_0.name,c1_0.region,c1_0.required_discipline,c1_0.required_level from club c1_0 order by (select count(u1_0.id) from user u1_0 where u1_0.club_id=c1_0.id and u1_0.role='SWIMMER') desc
Hibernate: select cjr1_0.id,cjr1_0.availability,cjr1_0.club_id,cjr1_0.current_level,cjr1_0.message,cjr1_0.motivation_letter,cjr1_0.previous_club,cjr1_0.rejection_reason,cjr1_0.requested_at,cjr1_0.reviewed_at,cjr1_0.status,cjr1_0.swimmer_id from club_join_request cjr1_0 where cjr1_0.swimmer_id=? order by cjr1_0.requested_at desc
Hibernate: select c1_0.id,c1_0.active,c1_0.address,c1_0.affiliation_date,c1_0.available_spots,c2_0.id,c2_0.active,c2_0.anciennete,c2_0.birth_date,c3_0.id,c3_0.active,c3_0.address,c3_0.affiliation_date,c3_0.available_spots,c3_0.coach_id,c3_0.contact,c3_0.discipline,c3_0.latitude,c3_0.longitude,c3_0.manager,c3_0.max_age,c3_0.max_capacity,c3_0.medical_certificate_required,c3_0.min_age,c3_0.name,c3_0.region,c3_0.required_discipline,c3_0.required_level,c2_0.created_at,c2_0.discipline,c2_0.email,c2_0.first_name,c2_0.gender,c2_0.last_name,c2_0.must_change_password,c2_0.niveau,c2_0.password_hash,c2_0.registration_status,c2_0.role,c1_0.contact,c1_0.discipline,c1_0.latitude,c1_0.longitude,c1_0.manager,c1_0.max_age,c1_0.max_capacity,c1_0.medical_certificate_required,c1_0.min_age,c1_0.name,c1_0.region,c1_0.required_discipline,c1_0.required_level from club c1_0 left join user c2_0 on c2_0.id=c1_0.coach_id left join club c3_0 on c3_0.id=c2_0.club_id where c1_0.id=?
Hibernate: select u1_0.id,u1_0.active,u1_0.anciennete,u1_0.birth_date,c1_0.id,c1_0.active,c1_0.address,c1_0.affiliation_date,c1_0.available_spots,c2_0.id,c2_0.active,c2_0.anciennete,c2_0.birth_date,c2_0.club_id,c2_0.created_at,c2_0.discipline,c2_0.email,c2_0.first_name,c2_0.gender,c2_0.last_name,c2_0.must_change_password,c2_0.niveau,c2_0.password_hash,c2_0.registration_status,c2_0.role,c1_0.contact,c1_0.discipline,c1_0.latitude,c1_0.longitude,c1_0.manager,c1_0.max_age,c1_0.max_capacity,c1_0.medical_certificate_required,c1_0.min_age,c1_0.name,c1_0.region,c1_0.required_discipline,c1_0.required_level,u1_0.created_at,u1_0.discipline,u1_0.email,u1_0.first_name,u1_0.gender,u1_0.last_name,u1_0.must_change_password,u1_0.niveau,u1_0.password_hash,u1_0.registration_status,u1_0.role from user u1_0 left join club c1_0 on c1_0.id=u1_0.club_id left join user c2_0 on c2_0.id=c1_0.coach_id where u1_0.id=?
Hibernate: select u1_0.id,u1_0.active,u1_0.anciennete,u1_0.birth_date,c1_0.id,c1_0.active,c1_0.address,c1_0.affiliation_date,c1_0.available_spots,c2_0.id,c2_0.active,c2_0.anciennete,c2_0.birth_date,c2_0.club_id,c2_0.created_at,c2_0.discipline,c2_0.email,c2_0.first_name,c2_0.gender,c2_0.last_name,c2_0.must_change_password,c2_0.niveau,c2_0.password_hash,c2_0.registration_status,c2_0.role,c1_0.contact,c1_0.discipline,c1_0.latitude,c1_0.longitude,c1_0.manager,c1_0.max_age,c1_0.max_capacity,c1_0.medical_certificate_required,c1_0.min_age,c1_0.name,c1_0.region,c1_0.required_discipline,c1_0.required_level,u1_0.created_at,u1_0.discipline,u1_0.email,u1_0.first_name,u1_0.gender,u1_0.last_name,u1_0.must_change_password,u1_0.niveau,u1_0.password_hash,u1_0.registration_status,u1_0.role from user u1_0 left join club c1_0 on c1_0.id=u1_0.club_id left join user c2_0 on c2_0.id=c1_0.coach_id where u1_0.id=?
Hibernate: select u1_0.id,u1_0.active,u1_0.anciennete,u1_0.birth_date,c1_0.id,c1_0.active,c1_0.address,c1_0.affiliation_date,c1_0.available_spots,c2_0.id,c2_0.active,c2_0.anciennete,c2_0.birth_date,c2_0.club_id,c2_0.created_at,c2_0.discipline,c2_0.email,c2_0.first_name,c2_0.gender,c2_0.last_name,c2_0.must_change_password,c2_0.niveau,c2_0.password_hash,c2_0.registration_status,c2_0.role,c1_0.contact,c1_0.discipline,c1_0.latitude,c1_0.longitude,c1_0.manager,c1_0.max_age,c1_0.max_capacity,c1_0.medical_certificate_required,c1_0.min_age,c1_0.name,c1_0.region,c1_0.required_discipline,c1_0.required_level,u1_0.created_at,u1_0.discipline,u1_0.email,u1_0.first_name,u1_0.gender,u1_0.last_name,u1_0.must_change_password,u1_0.niveau,u1_0.password_hash,u1_0.registration_status,u1_0.role from user u1_0 left join club c1_0 on c1_0.id=u1_0.club_id left join user c2_0 on c2_0.id=c1_0.coach_id where u1_0.id=?
Hibernate: select c1_0.id,c1_0.active,c1_0.address,c1_0.affiliation_date,c1_0.available_spots,c2_0.id,c2_0.active,c2_0.anciennete,c2_0.birth_date,c3_0.id,c3_0.active,c3_0.address,c3_0.affiliation_date,c3_0.available_spots,c3_0.coach_id,c3_0.contact,c3_0.discipline,c3_0.latitude,c3_0.longitude,c3_0.manager,c3_0.max_age,c3_0.max_capacity,c3_0.medical_certificate_required,c3_0.min_age,c3_0.name,c3_0.region,c3_0.required_discipline,c3_0.required_level,c2_0.created_at,c2_0.discipline,c2_0.email,c2_0.first_name,c2_0.gender,c2_0.last_name,c2_0.must_change_password,c2_0.niveau,c2_0.password_hash,c2_0.registration_status,c2_0.role,c1_0.contact,c1_0.discipline,c1_0.latitude,c1_0.longitude,c1_0.manager,c1_0.max_age,c1_0.max_capacity,c1_0.medical_certificate_required,c1_0.min_age,c1_0.name,c1_0.region,c1_0.required_discipline,c1_0.required_level from club c1_0 left join user c2_0 on c2_0.id=c1_0.coach_id left join club c3_0 on c3_0.id=c2_0.club_id where c1_0.id=?
Hibernate: select u1_0.id,u1_0.active,u1_0.anciennete,u1_0.birth_date,u1_0.club_id,u1_0.created_at,u1_0.discipline,u1_0.email,u1_0.first_name,u1_0.gender,u1_0.last_name,u1_0.must_change_password,u1_0.niveau,u1_0.password_hash,u1_0.registration_status,u1_0.role from user u1_0 where u1_0.email=?
Hibernate: select u1_0.id,u1_0.active,u1_0.anciennete,u1_0.birth_date,u1_0.club_id,u1_0.created_at,u1_0.discipline,u1_0.email,u1_0.first_name,u1_0.gender,u1_0.last_name,u1_0.must_change_password,u1_0.niveau,u1_0.password_hash,u1_0.registration_status,u1_0.role from user u1_0 where u1_0.email=?
Hibernate: select u1_0.id,u1_0.active,u1_0.anciennete,u1_0.birth_date,u1_0.club_id,u1_0.created_at,u1_0.discipline,u1_0.email,u1_0.first_name,u1_0.gender,u1_0.last_name,u1_0.must_change_password,u1_0.niveau,u1_0.password_hash,u1_0.registration_status,u1_0.role from user u1_0 where u1_0.email=?
Hibernate: select u1_0.id,u1_0.active,u1_0.anciennete,u1_0.birth_date,u1_0.club_id,u1_0.created_at,u1_0.discipline,u1_0.email,u1_0.first_name,u1_0.gender,u1_0.last_name,u1_0.must_change_password,u1_0.niveau,u1_0.password_hash,u1_0.registration_status,u1_0.role from user u1_0 where u1_0.email=?
Hibernate: select cjr1_0.id,cjr1_0.availability,cjr1_0.club_id,cjr1_0.current_level,cjr1_0.message,cjr1_0.motivation_letter,cjr1_0.previous_club,cjr1_0.rejection_reason,cjr1_0.requested_at,cjr1_0.reviewed_at,cjr1_0.status,cjr1_0.swimmer_id from club_join_request cjr1_0 where cjr1_0.swimmer_id=? order by cjr1_0.requested_at desc
Hibernate: select c1_0.id,c1_0.active,c1_0.address,c1_0.affiliation_date,c1_0.available_spots,c2_0.id,c2_0.active,c2_0.anciennete,c2_0.birth_date,c3_0.id,c3_0.active,c3_0.address,c3_0.affiliation_date,c3_0.available_spots,c3_0.coach_id,c3_0.contact,c3_0.discipline,c3_0.latitude,c3_0.longitude,c3_0.manager,c3_0.max_age,c3_0.max_capacity,c3_0.medical_certificate_required,c3_0.min_age,c3_0.name,c3_0.region,c3_0.required_discipline,c3_0.required_level,c2_0.created_at,c2_0.discipline,c2_0.email,c2_0.first_name,c2_0.gender,c2_0.last_name,c2_0.must_change_password,c2_0.niveau,c2_0.password_hash,c2_0.registration_status,c2_0.role,c1_0.contact,c1_0.discipline,c1_0.latitude,c1_0.longitude,c1_0.manager,c1_0.max_age,c1_0.max_capacity,c1_0.medical_certificate_required,c1_0.min_age,c1_0.name,c1_0.region,c1_0.required_discipline,c1_0.required_level from club c1_0 left join user c2_0 on c2_0.id=c1_0.coach_id left join club c3_0 on c3_0.id=c2_0.club_id where c1_0.id=?
Hibernate: select u1_0.id,u1_0.active,u1_0.anciennete,u1_0.birth_date,c1_0.id,c1_0.active,c1_0.address,c1_0.affiliation_date,c1_0.available_spots,c2_0.id,c2_0.active,c2_0.anciennete,c2_0.birth_date,c2_0.club_id,c2_0.created_at,c2_0.discipline,c2_0.email,c2_0.first_name,c2_0.gender,c2_0.last_name,c2_0.must_change_password,c2_0.niveau,c2_0.password_hash,c2_0.registration_status,c2_0.role,c1_0.contact,c1_0.discipline,c1_0.latitude,c1_0.longitude,c1_0.manager,c1_0.max_age,c1_0.max_capacity,c1_0.medical_certificate_required,c1_0.min_age,c1_0.name,c1_0.region,c1_0.required_discipline,c1_0.required_level,u1_0.created_at,u1_0.discipline,u1_0.email,u1_0.first_name,u1_0.gender,u1_0.last_name,u1_0.must_change_password,u1_0.niveau,u1_0.password_hash,u1_0.registration_status,u1_0.role from user u1_0 left join club c1_0 on c1_0.id=u1_0.club_id left join user c2_0 on c2_0.id=c1_0.coach_id where u1_0.id=?
Hibernate: select c1_0.id,c1_0.active,c1_0.address,c1_0.affiliation_date,c1_0.available_spots,c2_0.id,c2_0.active,c2_0.anciennete,c2_0.birth_date,c3_0.id,c3_0.active,c3_0.address,c3_0.affiliation_date,c3_0.available_spots,c3_0.coach_id,c3_0.contact,c3_0.discipline,c3_0.latitude,c3_0.longitude,c3_0.manager,c3_0.max_age,c3_0.max_capacity,c3_0.medical_certificate_required,c3_0.min_age,c3_0.name,c3_0.region,c3_0.required_discipline,c3_0.required_level,c2_0.created_at,c2_0.discipline,c2_0.email,c2_0.first_name,c2_0.gender,c2_0.last_name,c2_0.must_change_password,c2_0.niveau,c2_0.password_hash,c2_0.registration_status,c2_0.role,c1_0.contact,c1_0.discipline,c1_0.latitude,c1_0.longitude,c1_0.manager,c1_0.max_age,c1_0.max_capacity,c1_0.medical_certificate_required,c1_0.min_age,c1_0.name,c1_0.region,c1_0.required_discipline,c1_0.required_level from club c1_0 left join user c2_0 on c2_0.id=c1_0.coach_id left join club c3_0 on c3_0.id=c2_0.club_id where c1_0.id=?
Hibernate: select u1_0.id,u1_0.active,u1_0.anciennete,u1_0.birth_date,u1_0.club_id,u1_0.created_at,u1_0.discipline,u1_0.email,u1_0.first_name,u1_0.gender,u1_0.last_name,u1_0.must_change_password,u1_0.niveau,u1_0.password_hash,u1_0.registration_status,u1_0.role from user u1_0 where u1_0.email=?
Hibernate: select c1_0.id,c1_0.active,c1_0.address,c1_0.affiliation_date,c1_0.available_spots,c2_0.id,c2_0.active,c2_0.anciennete,c2_0.birth_date,c3_0.id,c3_0.active,c3_0.address,c3_0.affiliation_date,c3_0.available_spots,c3_0.coach_id,c3_0.contact,c3_0.discipline,c3_0.latitude,c3_0.longitude,c3_0.manager,c3_0.max_age,c3_0.max_capacity,c3_0.medical_certificate_required,c3_0.min_age,c3_0.name,c3_0.region,c3_0.required_discipline,c3_0.required_level,c2_0.created_at,c2_0.discipline,c2_0.email,c2_0.first_name,c2_0.gender,c2_0.last_name,c2_0.must_change_password,c2_0.niveau,c2_0.password_hash,c2_0.registration_status,c2_0.role,c1_0.contact,c1_0.discipline,c1_0.latitude,c1_0.longitude,c1_0.manager,c1_0.max_age,c1_0.max_capacity,c1_0.medical_certificate_required,c1_0.min_age,c1_0.name,c1_0.region,c1_0.required_discipline,c1_0.required_level from club c1_0 left join user c2_0 on c2_0.id=c1_0.coach_id left join club c3_0 on c3_0.id=c2_0.club_id where c1_0.id=?
Hibernate: select u1_0.id,u1_0.active,u1_0.anciennete,u1_0.birth_date,u1_0.club_id,u1_0.created_at,u1_0.discipline,u1_0.email,u1_0.first_name,u1_0.gender,u1_0.last_name,u1_0.must_change_password,u1_0.niveau,u1_0.password_hash,u1_0.registration_status,u1_0.role from user u1_0 where u1_0.club_id=? and u1_0.role=?
Hibernate: select c1_0.id,c1_0.active,c1_0.address,c1_0.affiliation_date,c1_0.available_spots,c2_0.id,c2_0.active,c2_0.anciennete,c2_0.birth_date,c3_0.id,c3_0.active,c3_0.address,c3_0.affiliation_date,c3_0.available_spots,c3_0.coach_id,c3_0.contact,c3_0.discipline,c3_0.latitude,c3_0.longitude,c3_0.manager,c3_0.max_age,c3_0.max_capacity,c3_0.medical_certificate_required,c3_0.min_age,c3_0.name,c3_0.region,c3_0.required_discipline,c3_0.required_level,c2_0.created_at,c2_0.discipline,c2_0.email,c2_0.first_name,c2_0.gender,c2_0.last_name,c2_0.must_change_password,c2_0.niveau,c2_0.password_hash,c2_0.registration_status,c2_0.role,c1_0.contact,c1_0.discipline,c1_0.latitude,c1_0.longitude,c1_0.manager,c1_0.max_age,c1_0.max_capacity,c1_0.medical_certificate_required,c1_0.min_age,c1_0.name,c1_0.region,c1_0.required_discipline,c1_0.required_level from club c1_0 left join user c2_0 on c2_0.id=c1_0.coach_id left join club c3_0 on c3_0.id=c2_0.club_id where c1_0.id=?
Hibernate: select u1_0.id,u1_0.active,u1_0.anciennete,u1_0.birth_date,u1_0.club_id,u1_0.created_at,u1_0.discipline,u1_0.email,u1_0.first_name,u1_0.gender,u1_0.last_name,u1_0.must_change_password,u1_0.niveau,u1_0.password_hash,u1_0.registration_status,u1_0.role from user u1_0 where u1_0.club_id=? and u1_0.role=?
Hibernate: select count(p1_0.id) from performance p1_0 left join user s1_0 on s1_0.id=p1_0.swimmer_id where s1_0.club_id=?
Hibernate: select count(p1_0.id) from performance p1_0 left join user s1_0 on s1_0.id=p1_0.swimmer_id where s1_0.club_id=? and p1_0.is_personal_record
Hibernate: select u1_0.id,u1_0.active,u1_0.anciennete,u1_0.birth_date,u1_0.club_id,u1_0.created_at,u1_0.discipline,u1_0.email,u1_0.first_name,u1_0.gender,u1_0.last_name,u1_0.must_change_password,u1_0.niveau,u1_0.password_hash,u1_0.registration_status,u1_0.role from user u1_0 where u1_0.email=?
Hibernate: select u1_0.id,u1_0.active,u1_0.anciennete,u1_0.birth_date,u1_0.club_id,u1_0.created_at,u1_0.discipline,u1_0.email,u1_0.first_name,u1_0.gender,u1_0.last_name,u1_0.must_change_password,u1_0.niveau,u1_0.password_hash,u1_0.registration_status,u1_0.role from user u1_0 where u1_0.email=?
Hibernate: select u1_0.id,u1_0.active,u1_0.anciennete,u1_0.birth_date,u1_0.club_id,u1_0.created_at,u1_0.discipline,u1_0.email,u1_0.first_name,u1_0.gender,u1_0.last_name,u1_0.must_change_password,u1_0.niveau,u1_0.password_hash,u1_0.registration_status,u1_0.role from user u1_0 where u1_0.email=?
Hibernate: select u1_0.id,u1_0.active,u1_0.anciennete,u1_0.birth_date,u1_0.club_id,u1_0.created_at,u1_0.discipline,u1_0.email,u1_0.first_name,u1_0.gender,u1_0.last_name,u1_0.must_change_password,u1_0.niveau,u1_0.password_hash,u1_0.registration_status,u1_0.role from user u1_0 where u1_0.email=?
Hibernate: select c1_0.id,c1_0.active,c1_0.address,c1_0.affiliation_date,c1_0.available_spots,c1_0.coach_id,c1_0.contact,c1_0.discipline,c1_0.latitude,c1_0.longitude,c1_0.manager,c1_0.max_age,c1_0.max_capacity,c1_0.medical_certificate_required,c1_0.min_age,c1_0.name,c1_0.region,c1_0.required_discipline,c1_0.required_level from club c1_0 order by (select count(u1_0.id) from user u1_0 where u1_0.club_id=c1_0.id and u1_0.role='SWIMMER') desc
Hibernate: select u1_0.id,u1_0.active,u1_0.anciennete,u1_0.birth_date,u1_0.club_id,u1_0.created_at,u1_0.discipline,u1_0.email,u1_0.first_name,u1_0.gender,u1_0.last_name,u1_0.must_change_password,u1_0.niveau,u1_0.password_hash,u1_0.registration_status,u1_0.role from user u1_0 where u1_0.email=?
Hibernate: select u1_0.id,u1_0.active,u1_0.anciennete,u1_0.birth_date,u1_0.club_id,u1_0.created_at,u1_0.discipline,u1_0.email,u1_0.first_name,u1_0.gender,u1_0.last_name,u1_0.must_change_password,u1_0.niveau,u1_0.password_hash,u1_0.registration_status,u1_0.role from user u1_0 where u1_0.email=?
Hibernate: select c1_0.id,c1_0.active,c1_0.address,c1_0.affiliation_date,c1_0.available_spots,c1_0.coach_id,c1_0.contact,c1_0.discipline,c1_0.latitude,c1_0.longitude,c1_0.manager,c1_0.max_age,c1_0.max_capacity,c1_0.medical_certificate_required,c1_0.min_age,c1_0.name,c1_0.region,c1_0.required_discipline,c1_0.required_level from club c1_0
Hibernate: select u1_0.id,u1_0.active,u1_0.anciennete,u1_0.birth_date,c1_0.id,c1_0.active,c1_0.address,c1_0.affiliation_date,c1_0.available_spots,c2_0.id,c2_0.active,c2_0.anciennete,c2_0.birth_date,c2_0.club_id,c2_0.created_at,c2_0.discipline,c2_0.email,c2_0.first_name,c2_0.gender,c2_0.last_name,c2_0.must_change_password,c2_0.niveau,c2_0.password_hash,c2_0.registration_status,c2_0.role,c1_0.contact,c1_0.discipline,c1_0.latitude,c1_0.longitude,c1_0.manager,c1_0.max_age,c1_0.max_capacity,c1_0.medical_certificate_required,c1_0.min_age,c1_0.name,c1_0.region,c1_0.required_discipline,c1_0.required_level,u1_0.created_at,u1_0.discipline,u1_0.email,u1_0.first_name,u1_0.gender,u1_0.last_name,u1_0.must_change_password,u1_0.niveau,u1_0.password_hash,u1_0.registration_status,u1_0.role from user u1_0 left join club c1_0 on c1_0.id=u1_0.club_id left join user c2_0 on c2_0.id=c1_0.coach_id where u1_0.id=?
Hibernate: select u1_0.id,u1_0.active,u1_0.anciennete,u1_0.birth_date,c1_0.id,c1_0.active,c1_0.address,c1_0.affiliation_date,c1_0.available_spots,c2_0.id,c2_0.active,c2_0.anciennete,c2_0.birth_date,c2_0.club_id,c2_0.created_at,c2_0.discipline,c2_0.email,c2_0.first_name,c2_0.gender,c2_0.last_name,c2_0.must_change_password,c2_0.niveau,c2_0.password_hash,c2_0.registration_status,c2_0.role,c1_0.contact,c1_0.discipline,c1_0.latitude,c1_0.longitude,c1_0.manager,c1_0.max_age,c1_0.max_capacity,c1_0.medical_certificate_required,c1_0.min_age,c1_0.name,c1_0.region,c1_0.required_discipline,c1_0.required_level,u1_0.created_at,u1_0.discipline,u1_0.email,u1_0.first_name,u1_0.gender,u1_0.last_name,u1_0.must_change_password,u1_0.niveau,u1_0.password_hash,u1_0.registration_status,u1_0.role from user u1_0 left join club c1_0 on c1_0.id=u1_0.club_id left join user c2_0 on c2_0.id=c1_0.coach_id where u1_0.id=?
Hibernate: select cjr1_0.id,cjr1_0.availability,cjr1_0.club_id,cjr1_0.current_level,cjr1_0.message,cjr1_0.motivation_letter,cjr1_0.previous_club,cjr1_0.rejection_reason,cjr1_0.requested_at,cjr1_0.reviewed_at,cjr1_0.status,cjr1_0.swimmer_id from club_join_request cjr1_0 where cjr1_0.swimmer_id=? order by cjr1_0.requested_at desc
Hibernate: select u1_0.id,u1_0.active,u1_0.anciennete,u1_0.birth_date,c1_0.id,c1_0.active,c1_0.address,c1_0.affiliation_date,c1_0.available_spots,c2_0.id,c2_0.active,c2_0.anciennete,c2_0.birth_date,c2_0.club_id,c2_0.created_at,c2_0.discipline,c2_0.email,c2_0.first_name,c2_0.gender,c2_0.last_name,c2_0.must_change_password,c2_0.niveau,c2_0.password_hash,c2_0.registration_status,c2_0.role,c1_0.contact,c1_0.discipline,c1_0.latitude,c1_0.longitude,c1_0.manager,c1_0.max_age,c1_0.max_capacity,c1_0.medical_certificate_required,c1_0.min_age,c1_0.name,c1_0.region,c1_0.required_discipline,c1_0.required_level,u1_0.created_at,u1_0.discipline,u1_0.email,u1_0.first_name,u1_0.gender,u1_0.last_name,u1_0.must_change_password,u1_0.niveau,u1_0.password_hash,u1_0.registration_status,u1_0.role from user u1_0 left join club c1_0 on c1_0.id=u1_0.club_id left join user c2_0 on c2_0.id=c1_0.coach_id where u1_0.id=?
Hibernate: select u1_0.id,u1_0.active,u1_0.anciennete,u1_0.birth_date,c1_0.id,c1_0.active,c1_0.address,c1_0.affiliation_date,c1_0.available_spots,c2_0.id,c2_0.active,c2_0.anciennete,c2_0.birth_date,c2_0.club_id,c2_0.created_at,c2_0.discipline,c2_0.email,c2_0.first_name,c2_0.gender,c2_0.last_name,c2_0.must_change_password,c2_0.niveau,c2_0.password_hash,c2_0.registration_status,c2_0.role,c1_0.contact,c1_0.discipline,c1_0.latitude,c1_0.longitude,c1_0.manager,c1_0.max_age,c1_0.max_capacity,c1_0.medical_certificate_required,c1_0.min_age,c1_0.name,c1_0.region,c1_0.required_discipline,c1_0.required_level,u1_0.created_at,u1_0.discipline,u1_0.email,u1_0.first_name,u1_0.gender,u1_0.last_name,u1_0.must_change_password,u1_0.niveau,u1_0.password_hash,u1_0.registration_status,u1_0.role from user u1_0 left join club c1_0 on c1_0.id=u1_0.club_id left join user c2_0 on c2_0.id=c1_0.coach_id where u1_0.id=?
Hibernate: select c1_0.id,c1_0.active,c1_0.address,c1_0.affiliation_date,c1_0.available_spots,c2_0.id,c2_0.active,c2_0.anciennete,c2_0.birth_date,c3_0.id,c3_0.active,c3_0.address,c3_0.affiliation_date,c3_0.available_spots,c3_0.coach_id,c3_0.contact,c3_0.discipline,c3_0.latitude,c3_0.longitude,c3_0.manager,c3_0.max_age,c3_0.max_capacity,c3_0.medical_certificate_required,c3_0.min_age,c3_0.name,c3_0.region,c3_0.required_discipline,c3_0.required_level,c2_0.created_at,c2_0.discipline,c2_0.email,c2_0.first_name,c2_0.gender,c2_0.last_name,c2_0.must_change_password,c2_0.niveau,c2_0.password_hash,c2_0.registration_status,c2_0.role,c1_0.contact,c1_0.discipline,c1_0.latitude,c1_0.longitude,c1_0.manager,c1_0.max_age,c1_0.max_capacity,c1_0.medical_certificate_required,c1_0.min_age,c1_0.name,c1_0.region,c1_0.required_discipline,c1_0.required_level from club c1_0 left join user c2_0 on c2_0.id=c1_0.coach_id left join club c3_0 on c3_0.id=c2_0.club_id where c1_0.id=?
Hibernate: select u1_0.id,u1_0.active,u1_0.anciennete,u1_0.birth_date,c1_0.id,c1_0.active,c1_0.address,c1_0.affiliation_date,c1_0.available_spots,c2_0.id,c2_0.active,c2_0.anciennete,c2_0.birth_date,c2_0.club_id,c2_0.created_at,c2_0.discipline,c2_0.email,c2_0.first_name,c2_0.gender,c2_0.last_name,c2_0.must_change_password,c2_0.niveau,c2_0.password_hash,c2_0.registration_status,c2_0.role,c1_0.contact,c1_0.discipline,c1_0.latitude,c1_0.longitude,c1_0.manager,c1_0.max_age,c1_0.max_capacity,c1_0.medical_certificate_required,c1_0.min_age,c1_0.name,c1_0.region,c1_0.required_discipline,c1_0.required_level,u1_0.created_at,u1_0.discipline,u1_0.email,u1_0.first_name,u1_0.gender,u1_0.last_name,u1_0.must_change_password,u1_0.niveau,u1_0.password_hash,u1_0.registration_status,u1_0.role from user u1_0 left join club c1_0 on c1_0.id=u1_0.club_id left join user c2_0 on c2_0.id=c1_0.coach_id where u1_0.id=?
Hibernate: select c1_0.id,c1_0.active,c1_0.address,c1_0.affiliation_date,c1_0.available_spots,c2_0.id,c2_0.active,c2_0.anciennete,c2_0.birth_date,c3_0.id,c3_0.active,c3_0.address,c3_0.affiliation_date,c3_0.available_spots,c3_0.coach_id,c3_0.contact,c3_0.discipline,c3_0.latitude,c3_0.longitude,c3_0.manager,c3_0.max_age,c3_0.max_capacity,c3_0.medical_certificate_required,c3_0.min_age,c3_0.name,c3_0.region,c3_0.required_discipline,c3_0.required_level,c2_0.created_at,c2_0.discipline,c2_0.email,c2_0.first_name,c2_0.gender,c2_0.last_name,c2_0.must_change_password,c2_0.niveau,c2_0.password_hash,c2_0.registration_status,c2_0.role,c1_0.contact,c1_0.discipline,c1_0.latitude,c1_0.longitude,c1_0.manager,c1_0.max_age,c1_0.max_capacity,c1_0.medical_certificate_required,c1_0.min_age,c1_0.name,c1_0.region,c1_0.required_discipline,c1_0.required_level from club c1_0 left join user c2_0 on c2_0.id=c1_0.coach_id left join club c3_0 on c3_0.id=c2_0.club_id where c1_0.id=?
DEBUG: Vérification des articles programmés...
Hibernate: select pi1_0.id_press_item,pi1_0.author,pi1_0.content,pi1_0.created_at,pi1_0.discipline,pi1_0.documents,pi1_0.downloads_count,pi1_0.gallery,pi1_0.importance,pi1_0.link_url,pi1_0.media_url,pi1_0.published_at,pi1_0.read_time,pi1_0.scheduled_at,pi1_0.status,pi1_0.summary,pi1_0.title,pi1_0.type,pi1_0.views from press_item pi1_0 where pi1_0.status=? and pi1_0.scheduled_at<?
DEBUG: Vérification des articles programmés...
Hibernate: select pi1_0.id_press_item,pi1_0.author,pi1_0.content,pi1_0.created_at,pi1_0.discipline,pi1_0.documents,pi1_0.downloads_count,pi1_0.gallery,pi1_0.importance,pi1_0.link_url,pi1_0.media_url,pi1_0.published_at,pi1_0.read_time,pi1_0.scheduled_at,pi1_0.status,pi1_0.summary,pi1_0.title,pi1_0.type,pi1_0.views from press_item pi1_0 where pi1_0.status=? and pi1_0.scheduled_at<?
DEBUG: Vérification des articles programmés...
Hibernate: select pi1_0.id_press_item,pi1_0.author,pi1_0.content,pi1_0.created_at,pi1_0.discipline,pi1_0.documents,pi1_0.downloads_count,pi1_0.gallery,pi1_0.importance,pi1_0.link_url,pi1_0.media_url,pi1_0.published_at,pi1_0.read_time,pi1_0.scheduled_at,pi1_0.status,pi1_0.summary,pi1_0.title,pi1_0.type,pi1_0.views from press_item pi1_0 where pi1_0.status=? and pi1_0.scheduled_at<?
DEBUG: Vérification des articles programmés...
Hibernate: select pi1_0.id_press_item,pi1_0.author,pi1_0.content,pi1_0.created_at,pi1_0.discipline,pi1_0.documents,pi1_0.downloads_count,pi1_0.gallery,pi1_0.importance,pi1_0.link_url,pi1_0.media_url,pi1_0.published_at,pi1_0.read_time,pi1_0.scheduled_at,pi1_0.status,pi1_0.summary,pi1_0.title,pi1_0.type,pi1_0.views from press_item pi1_0 where pi1_0.status=? and pi1_0.scheduled_at<?
DEBUG: Vérification des articles programmés...
Hibernate: select pi1_0.id_press_item,pi1_0.author,pi1_0.content,pi1_0.created_at,pi1_0.discipline,pi1_0.documents,pi1_0.downloads_count,pi1_0.gallery,pi1_0.importance,pi1_0.link_url,pi1_0.media_url,pi1_0.published_at,pi1_0.read_time,pi1_0.scheduled_at,pi1_0.status,pi1_0.summary,pi1_0.title,pi1_0.type,pi1_0.views from press_item pi1_0 where pi1_0.status=? and pi1_0.scheduled_at<?
DEBUG: Vérification des articles programmés...
Hibernate: select pi1_0.id_press_item,pi1_0.author,pi1_0.content,pi1_0.created_at,pi1_0.discipline,pi1_0.documents,pi1_0.downloads_count,pi1_0.gallery,pi1_0.importance,pi1_0.link_url,pi1_0.media_url,pi1_0.published_at,pi1_0.read_time,pi1_0.scheduled_at,pi1_0.status,pi1_0.summary,pi1_0.title,pi1_0.type,pi1_0.views from press_item pi1_0 where pi1_0.status=? and pi1_0.scheduled_at<?
DEBUG: Vérification des articles programmés...
Hibernate: select pi1_0.id_press_item,pi1_0.author,pi1_0.content,pi1_0.created_at,pi1_0.discipline,pi1_0.documents,pi1_0.downloads_count,pi1_0.gallery,pi1_0.importance,pi1_0.link_url,pi1_0.media_url,pi1_0.published_at,pi1_0.read_time,pi1_0.scheduled_at,pi1_0.status,pi1_0.summary,pi1_0.title,pi1_0.type,pi1_0.views from press_item pi1_0 where pi1_0.status=? and pi1_0.scheduled_at<?
DEBUG: Vérification des articles programmés...
Hibernate: select pi1_0.id_press_item,pi1_0.author,pi1_0.content,pi1_0.created_at,pi1_0.discipline,pi1_0.documents,pi1_0.downloads_count,pi1_0.gallery,pi1_0.importance,pi1_0.link_url,pi1_0.media_url,pi1_0.published_at,pi1_0.read_time,pi1_0.scheduled_at,pi1_0.status,pi1_0.summary,pi1_0.title,pi1_0.type,pi1_0.views from press_item pi1_0 where pi1_0.status=? and pi1_0.scheduled_at<?
DEBUG: Vérification des articles programmés...
Hibernate: select pi1_0.id_press_item,pi1_0.author,pi1_0.content,pi1_0.created_at,pi1_0.discipline,pi1_0.documents,pi1_0.downloads_count,pi1_0.gallery,pi1_0.importance,pi1_0.link_url,pi1_0.media_url,pi1_0.published_at,pi1_0.read_time,pi1_0.scheduled_at,pi1_0.status,pi1_0.summary,pi1_0.title,pi1_0.type,pi1_0.views from press_item pi1_0 where pi1_0.status=? and pi1_0.scheduled_at<?
[INFO] ------------------------------------------------------------------------
[INFO] BUILD FAILURE
[INFO] ------------------------------------------------------------------------
[INFO] Total time:  15:15 min
[INFO] Finished at: 2026-07-03T02:25:56+01:00
[INFO] ------------------------------------------------------------------------
[ERROR] Failed to execute goal org.springframework.boot:spring-boot-maven-plugin:3.3.4:run (default-cli) on project backend: Process terminated with exit code: 1 -> [Help 1]
[ERROR] 
[ERROR] To see the full stack trace of the errors, re-run Maven with the -e switch.
[ERROR] Re-run Maven using the -X switch to enable full debug logging.
[ERROR] 
[ERROR] For more information about the errors and possible solutions, please read the following articles:
[ERROR] [Help 1] http://cwiki.apache.org/confluence/display/MAVEN/MojoExecutionException
